INFO:     Will watch for changes in these directories: ['C:\\Users\\rishikalpa\\Projects\\mdb\\Python_Vectorizer_API']
INFO:     Uvicorn running on http://127.0.0.1:8000 (Press CTRL+C to quit)
INFO:     Started reloader process [19328] using WatchFiles
INFO:     Started server process [23276]
INFO:     Waiting for application startup.
INFO:     Application startup complete.
WARNING:  WatchFiles detected changes in 'tools\bench.py'. Reloading...
INFO:     Shutting down
INFO:     Waiting for application shutdown.
INFO:     Application shutdown complete.
INFO:     Finished server process [23276]
WARNING:  WatchFiles detected changes in 'tools\bench.py'. Reloading...
Process SpawnProcess-2:
Traceback (most recent call last):
  File "C:\Program Files\WindowsApps\PythonSoftwareFoundation.Python.3.12_3.12.2800.0_x64__qbz5n2kfra8p0\Lib\multiprocessing\process.py", line 314, in _bootstrap
    self.run()
  File "C:\Program Files\WindowsApps\PythonSoftwareFoundation.Python.3.12_3.12.2800.0_x64__qbz5n2kfra8p0\Lib\multiprocessing\process.py", line 108, in run
    self._target(*self._args, **self._kwargs)
  File "C:\Users\rishikalpa\Projects\mdb\Python_Vectorizer_API\.venv\Lib\site-packages\uvicorn\_subprocess.py", line 73, in subprocess_started
    sys.stdin = os.fdopen(stdin_fileno)  # pragma: full coverage
                ^^^^^^^^^^^^^^^^^^^^^^^
  File "<frozen os>", line 1066, in fdopen
  File "<frozen codecs>", line 309, in __init__
KeyboardInterrupt
INFO:     Started server process [2444]
INFO:     Waiting for application startup.
INFO:     Application startup complete.
WARNING:  WatchFiles detected changes in 'tools\bench.py'. Reloading...
INFO:     Shutting down
INFO:     Waiting for application shutdown.
INFO:     Application shutdown complete.
INFO:     Finished server process [2444]
WARNING:  WatchFiles detected changes in 'tools\bench.py'. Reloading...
Process SpawnProcess-4:
Traceback (most recent call last):
  File "C:\Program Files\WindowsApps\PythonSoftwareFoundation.Python.3.12_3.12.2800.0_x64__qbz5n2kfra8p0\Lib\multiprocessing\process.py", line 314, in _bootstrap
    self.run()
  File "C:\Program Files\WindowsApps\PythonSoftwareFoundation.Python.3.12_3.12.2800.0_x64__qbz5n2kfra8p0\Lib\multiprocessing\process.py", line 108, in run
    self._target(*self._args, **self._kwargs)
  File "C:\Users\rishikalpa\Projects\mdb\Python_Vectorizer_API\.venv\Lib\site-packages\uvicorn\_subprocess.py", line 73, in subprocess_started
    sys.stdin = os.fdopen(stdin_fileno)  # pragma: full coverage
                ^^^^^^^^^^^^^^^^^^^^^^^
  File "<frozen os>", line 1066, in fdopen
  File "<frozen codecs>", line 309, in __init__
KeyboardInterrupt
INFO:     Started server process [5836]
INFO:     Waiting for application startup.
INFO:     Application startup complete.
